  C2.1  C(x) :-     A(x),    B(x).

  NO   RUNTIME

   0 0.00251801 | *******************************************************************

