C(x) :-     A(x),    B(x).
Src locator-:recursive.dl [9:1-9:20]

  ----- Rule Versions Table -----
   TOT_T  NREC_T   REC_T  COPY_T    TUPLES   VER

    .016    .000    .016    .000         0
   ---------------------------------------------
    .016    .000    .016    .000         0     0
     @new_C(x) :-     A(x),    @delta_B(x),    !C(x).
      FREQ            ATOM
      0               @delta_B(x)
      998             A(x)


