    runtime  loadtime  savetime    tuples generated
      .022s     .000s     .000s           102

  cpu total  cpu peak  int peak
      .151s     2133%     2231%
       *             
       *           * 
       *           * 
       *   *       * 
       *   *       * 
       *   *       * 
       *   *       * 
    *  *   * *     * 
    *  *   * *     * 
    *  *   * *     * 
    *  *   * * *   * 
    *  *   * * *   * 
    *  *   * * *   * 
   **  *   * * *   * 
   **  *  ** * *   * 
   **  *  ** * * * * 
   ** **  ** * * * * 
   ** **  ** * * * * 
   ** **  ** * * * **
************** * * **
---------------------

