Explain is invoked.
Enter command > Depth is now 8
Enter command > loop(0, 0, 10, 100)                                                                                     
----------------(R1)                                                                                    
loop(1, 0, 10, 100)  loop(0, 0, 10, 100)                                                                
-------------------------------------(R2)                                                               
           loop(1, 1, 10, 100)            loop(0, 0, 10, 100)                                           
----------------------------------------------------------(R2)                                          
                     loop(1, 2, 10, 100)                       loop(0, 0, 10, 100)                      
-------------------------------------------------------------------------------(R2)                     
                                loop(1, 3, 10, 100)                                 loop(0, 0, 10, 100) 
----------------------------------------------------------------------------------------------------(R2)
                                          loop(1, 4, 10, 100)                                           
Enter command > subproof loop() subproof loop()  loop(0, 0, 10, 100)                                                                                                                                                                                                    
------------------------------(R4) ----------------(R1)                                                                                                                                                                                                   
       loop(2, 0, 30, 100)         loop(1, 0, 10, 100)   loop(0, 0, 10, 100)                                                                     loop(0, 0, 10, 100)                                                                                      
----------------------------------------------------(R4) ----------------(R1)                                                                    ----------------(R1)                                                                                     
                  loop(2, 0, 31, 100)                    loop(1, 0, 10, 100)   loop(0, 0, 10, 100)                                               loop(1, 0, 10, 100)  loop(0, 0, 10, 100)                                                                 
--------------------------------------------------------------------------(R4) ----------------(R1)                                              -------------------------------------(R2)                                                                
                             loop(2, 0, 32, 100)                               loop(1, 0, 10, 100)   loop(0, 0, 10, 100)                                    loop(1, 1, 10, 100)            loop(0, 0, 10, 100)                                            
------------------------------------------------------------------------------------------------(R4) ----------------(R1)                        ----------------------------------------------------------(R2)                                           
                                        loop(2, 0, 33, 100)                                          loop(1, 0, 10, 100)   loop(0, 0, 10, 100)                        loop(1, 2, 10, 100)                       loop(0, 0, 10, 100)                       
----------------------------------------------------------------------------------------------------------------------(R4) ----------------(R1)  -------------------------------------------------------------------------------(R2)                      
                                                   loop(2, 0, 34, 100)                                                     loop(1, 0, 10, 100)                                   loop(1, 3, 10, 100)                                 loop(0, 0, 10, 100)  
--------------------------------------------------------------------------------------------------------------------------------------------(R4) ----------------------------------------------------------------------------------------------------(R2) 
                                                              loop(2, 0, 35, 100)                                                                                                          loop(1, 4, 10, 100)                                            
------------------------------------------------------------------------------------------------------------------------------------------------------------------------------------------------------------------------------------------------------(R4)
                                                                                                                   loop(2, 4, 36, 100)                                                                                                                    
Enter command > Exiting explain
