Explain is invoked.
Enter command >                               edge("c", "d")   
                              -----------(R1)  
               edge("b", "c") path("c", "d")   
               ---------------------------(R2) 
edge("a", "b")         path("b", "d")          
-------------------------------------------(R2)
                path("a", "d")                 
Enter command > Exiting explain
