    runtime  loadtime  savetime    tuples generated
      .113s     .000s     .000s             4

  cpu total  cpu peak  int peak
      .781s     2426%     2449%
                                                         *                                                
            *          *                                 *      *                             *           
            *          *                                 *      *   *                         *           
            *          *   *                 *           *      *   *                  *      *           
            *          *   *                 *           *  *   *   *                  *      *           
        *   *      *   *   *          *      *       *   *  *   *   *                  *      *      *    
        *   *      *   *   *   *      *      *       *   *  *   *   *      *           *      *      *    
    *   *   *   *  *   *   *   *      *      *   *   *   *  *   *   *      *           *      *      *   *
    *   *   *   *  *   *   *   *      *   *  *   *   *   *  *   *   *      *           *      *      *   *
    *   *   *   *  *   *   *   * *    *   *  *   *   *   *  *   *   *      *           *  *   *   *  *   *
    *   *   *   *  *   *   *   * *    *   *  *   *   *   *  *   *   *      *   *   *   *  *   *   *  *   *
    *   *   *   *  *   *   *   * *    *   *  *   *   *   *  *   *   *   *  *  **  **   *  *   *   *  *   *
    *   *   *   *  *   *   *   * **   *   *  *   *   *   *  *   *   *  **  *  **  **   *  *   * * *  *   *
    *   *   *   *  *   *   *   * **   *   *  *   *   *   *  *   *   *  **  *  **  **   * **   * * *  *   *
    *   *   *  **  *   *   *   * **   * * *  *   *   *   *  *   *   *  **  *  **  **   * **   * * *  *   *
    *   *   *  **  *   *   *  ** **   * * *  *   *   *   *  *   *   *  ** **  **  **   * **   * * *  *   *
  * *   *   *  ** **   *   *  ** **  ** * *  *   *   *   *  *   *   *  ** **  **  **   * **   * * * ** * *
  * **  *   *  ** **   *   *  ** **  ** * *  **  **  *   *  *   *   *  ** **  **  **   * **   * * * ** * *
  ****  *   *  ** **   *   *  ** **  ** * ** ** ***  * * *  *   *   * *** **  **  ** * * **   * * * **** *
 ****** *   *  ** **   * * *  ** **  ** **** ** ***  * * *  *   *   * *** **  **  ** * ****   * * * **** *
----------------------------------------------------------------------------------------------------------

