Explain is invoked.
Enter command > being("ollie_the_doggo") !person("ollie_the_doggo") 
------------------------------------------------(R1)
             animal("ollie_the_doggo")              
Enter command > Exiting explain
