     ID  NAME

   N2.1  rel(x,y) :-     first(x,y).

