---------------
path
node1	node2
===============
A	A
A	B
A	C
A	D
A	E
A	F
B	A
B	B
B	C
B	D
B	E
B	F
C	A
C	B
C	C
C	D
C	E
C	F
D	A
D	B
D	C
D	D
D	E
D	F
E	A
E	B
E	C
E	D
E	E
E	F
F	A
F	B
F	C
F	D
F	E
F	F
===============
