  C2.1  C(x) :- \n   A(x),\n   B(x).

  NO   TUPLES

   0        0 | 

