  ----- Rule Table -----
   TOT_T  NREC_T   REC_T  COPY_T         TUPLES    ID RELATION

    .014    .000    .008    .006           9998    C1.1 A
    .003    .000    .003    .000              0    C3.1 B
    .003    .000    .003    .000              0    C2.1 C
    .000    .000    .000    .000              1    N1.1 A
    .000    .000    .000    .000              1    N2.1 C
    .000    .000    .000    .000              1    N4.1 R1
    .000    .000    .000    .000              1    N3.1 B

